2025-04-23 14:19:37,618 - AnimePilgrimageUpdater - INFO - Starting daily anime pilgrimage updater
2025-04-23 14:19:37,618 - AnimePilgrimageUpdater - INFO - Running extract_apiid.py to refresh apiid.json
2025-04-23 14:19:37,828 - AnimePilgrimageUpdater - INFO - Successfully refreshed apiid.json
2025-04-23 14:19:39,667 - AnimePilgrimageUpdater - INFO - Testing anime list retrieval before running full scraper
2025-04-23 14:21:50,346 - AnimePilgrimageUpdater - INFO - Successfully retrieved 33 anime in test run
2025-04-23 14:21:50,346 - AnimePilgrimageUpdater - INFO - Test anime 1: ウィッチウォッチ
2025-04-23 14:21:50,346 - AnimePilgrimageUpdater - INFO - Test anime 2: ウマ娘 シンデレラグレイ
2025-04-23 14:21:50,346 - AnimePilgrimageUpdater - INFO - Test anime 3: 東京リベンジャーズ 天竺編
2025-04-23 14:21:50,346 - AnimePilgrimageUpdater - INFO - Test anime 4: ツルネ -風舞高校弓道部-
2025-04-23 14:21:50,346 - AnimePilgrimageUpdater - INFO - Test anime 5: 小市民シリーズ 2期
2025-04-23 14:45:56,589 - AnimePilgrimageUpdater - INFO - Daily update completed successfully
2025-04-27 12:41:04,772 - AnimePilgrimageUpdater - INFO - Starting daily anime pilgrimage updater
2025-04-27 12:41:04,772 - AnimePilgrimageUpdater - INFO - Running extract_apiid.py to refresh apiid.json
2025-04-27 12:41:05,004 - AnimePilgrimageUpdater - INFO - Successfully refreshed apiid.json
2025-04-27 12:41:06,720 - AnimePilgrimageUpdater - INFO - Testing anime list retrieval before running full scraper
2025-04-27 12:43:46,426 - AnimePilgrimageUpdater - INFO - Successfully retrieved 90 anime in test run
2025-04-27 12:43:46,426 - AnimePilgrimageUpdater - INFO - Test anime 1: デジモンアドベンチャー tri. 第1章「再会」
2025-04-27 12:43:46,426 - AnimePilgrimageUpdater - INFO - Test anime 2: ふらいんぐうぃっち
2025-04-27 12:43:46,426 - AnimePilgrimageUpdater - INFO - Test anime 3: 宇宙よりも遠い場所
2025-04-27 12:43:46,427 - AnimePilgrimageUpdater - INFO - Test anime 4: 小市民シリーズ 2期
2025-04-27 12:43:46,427 - AnimePilgrimageUpdater - INFO - Test anime 5: ラブライブ! スーパースター!!
2025-04-27 13:18:30,195 - AnimePilgrimageUpdater - INFO - Daily update completed successfully
2025-05-04 12:43:55,633 - AnimePilgrimageUpdater - INFO - Starting daily anime pilgrimage updater
2025-05-04 12:43:55,634 - AnimePilgrimageUpdater - INFO - Running extract_apiid.py to refresh apiid.json
2025-05-04 12:43:55,845 - AnimePilgrimageUpdater - INFO - Successfully refreshed apiid.json
2025-05-04 12:43:58,707 - AnimePilgrimageUpdater - INFO - Testing anime list retrieval before running full scraper
2025-05-04 12:46:38,965 - AnimePilgrimageUpdater - INFO - Successfully retrieved 90 anime in test run
2025-05-04 12:46:38,965 - AnimePilgrimageUpdater - INFO - Test anime 1: ウマ娘 シンデレラグレイ
2025-05-04 12:46:38,965 - AnimePilgrimageUpdater - INFO - Test anime 2: デジモンアドベンチャー LAST EVOLUTION 絆
2025-05-04 12:46:38,966 - AnimePilgrimageUpdater - INFO - Test anime 3: 小市民シリーズ 2期
2025-05-04 12:46:38,966 - AnimePilgrimageUpdater - INFO - Test anime 4: らき☆すた
2025-05-04 12:46:38,966 - AnimePilgrimageUpdater - INFO - Test anime 5: はじめの一歩 Rising
2025-05-04 13:02:53,921 - AnimePilgrimageUpdater - INFO - Daily update completed successfully
2025-05-11 12:41:01,563 - AnimePilgrimageUpdater - INFO - Starting daily anime pilgrimage updater
2025-05-11 12:41:01,563 - AnimePilgrimageUpdater - INFO - Running extract_apiid.py to refresh apiid.json
2025-05-11 12:41:01,781 - AnimePilgrimageUpdater - INFO - Successfully refreshed apiid.json
2025-05-11 12:41:02,350 - AnimePilgrimageUpdater - INFO - Testing anime list retrieval before running full scraper
2025-05-11 12:43:42,289 - AnimePilgrimageUpdater - INFO - Successfully retrieved 90 anime in test run
2025-05-11 12:43:42,290 - AnimePilgrimageUpdater - INFO - Test anime 1: ゆるゆり♪♪
2025-05-11 12:43:42,290 - AnimePilgrimageUpdater - INFO - Test anime 2: ゆるゆり
2025-05-11 12:43:42,290 - AnimePilgrimageUpdater - INFO - Test anime 3: 青春ブタ野郎はランドセルガールの夢を見ない
2025-05-11 12:43:42,290 - AnimePilgrimageUpdater - INFO - Test anime 4: 真･侍伝 YAIBA
2025-05-11 12:43:42,290 - AnimePilgrimageUpdater - INFO - Test anime 5: 小市民シリーズ 2期
2025-05-11 13:01:29,757 - AnimePilgrimageUpdater - INFO - Daily update completed successfully
2025-05-13 12:48:20,474 - AnimePilgrimageUpdater - INFO - Starting daily anime pilgrimage updater
2025-05-13 12:48:20,474 - AnimePilgrimageUpdater - INFO - Running extract_apiid.py to refresh apiid.json
2025-05-13 12:48:20,679 - AnimePilgrimageUpdater - INFO - Successfully refreshed apiid.json
2025-05-13 12:48:21,974 - AnimePilgrimageUpdater - INFO - Testing anime list retrieval before running full scraper
2025-05-13 12:51:01,769 - AnimePilgrimageUpdater - INFO - Successfully retrieved 90 anime in test run
2025-05-13 12:51:01,769 - AnimePilgrimageUpdater - INFO - Test anime 1: 前橋ウィッチーズ
2025-05-13 12:51:01,769 - AnimePilgrimageUpdater - INFO - Test anime 2: ゆるゆり なちゅやちゅみ！＋
2025-05-13 12:51:01,770 - AnimePilgrimageUpdater - INFO - Test anime 3: ゆるゆり なちゅやちゅみ！
2025-05-13 12:51:01,770 - AnimePilgrimageUpdater - INFO - Test anime 4: ゆるゆり さん☆ハイ！
2025-05-13 12:51:01,770 - AnimePilgrimageUpdater - INFO - Test anime 5: Summer Pockets
2025-05-13 13:07:27,392 - AnimePilgrimageUpdater - INFO - Daily update completed successfully
2025-05-30 12:46:53,176 - AnimePilgrimageUpdater - INFO - Starting daily anime pilgrimage updater
2025-05-30 12:46:53,176 - AnimePilgrimageUpdater - INFO - Running extract_apiid.py to refresh apiid.json
2025-05-30 12:46:53,386 - AnimePilgrimageUpdater - INFO - Successfully refreshed apiid.json
2025-05-30 12:46:54,382 - AnimePilgrimageUpdater - INFO - Testing anime list retrieval before running full scraper
2025-05-30 12:49:33,726 - AnimePilgrimageUpdater - INFO - Successfully retrieved 90 anime in test run
2025-05-30 12:49:33,726 - AnimePilgrimageUpdater - INFO - Test anime 1: 前橋ウィッチーズ
2025-05-30 12:49:33,726 - AnimePilgrimageUpdater - INFO - Test anime 2: mono
2025-05-30 12:49:33,726 - AnimePilgrimageUpdater - INFO - Test anime 3: 真･侍伝 YAIBA
2025-05-30 12:49:33,726 - AnimePilgrimageUpdater - INFO - Test anime 4: 劇場版 のんのんびより ばけーしょん
2025-05-30 12:49:33,726 - AnimePilgrimageUpdater - INFO - Test anime 5: アポカリプスホテル
2025-05-30 13:07:25,716 - AnimePilgrimageUpdater - INFO - Daily update completed successfully
2025-06-15 12:43:27,518 - AnimePilgrimageUpdater - INFO - Starting daily anime pilgrimage updater
2025-06-15 12:43:27,518 - AnimePilgrimageUpdater - INFO - Running extract_apiid.py to refresh apiid.json
2025-06-15 12:43:27,729 - AnimePilgrimageUpdater - INFO - Successfully refreshed apiid.json
2025-06-15 12:43:28,881 - AnimePilgrimageUpdater - INFO - Testing anime list retrieval before running full scraper
2025-06-15 12:45:45,362 - AnimePilgrimageUpdater - INFO - Successfully retrieved 36 anime in test run
2025-06-15 12:45:45,362 - AnimePilgrimageUpdater - INFO - Test anime 1: 文豪ストレイドッグス3
2025-06-15 12:45:45,362 - AnimePilgrimageUpdater - INFO - Test anime 2: 前橋ウィッチーズ
2025-06-15 12:45:45,362 - AnimePilgrimageUpdater - INFO - Test anime 3: 小市民シリーズ 2期
2025-06-15 12:45:45,362 - AnimePilgrimageUpdater - INFO - Test anime 4: ウマ娘 シンデレラグレイ
2025-06-15 12:45:45,362 - AnimePilgrimageUpdater - INFO - Test anime 5: mono
2025-06-15 12:58:37,808 - AnimePilgrimageUpdater - INFO - Daily update completed successfully
2025-06-23 12:50:44,105 - AnimePilgrimageUpdater - INFO - Starting daily anime pilgrimage updater
2025-06-23 12:50:44,105 - AnimePilgrimageUpdater - INFO - Running extract_apiid.py to refresh apiid.json
2025-06-23 12:50:44,318 - AnimePilgrimageUpdater - INFO - Successfully refreshed apiid.json
2025-06-23 12:50:46,654 - AnimePilgrimageUpdater - INFO - Testing anime list retrieval before running full scraper
2025-06-23 12:53:03,433 - AnimePilgrimageUpdater - INFO - Successfully retrieved 36 anime in test run
2025-06-23 12:53:03,433 - AnimePilgrimageUpdater - INFO - Test anime 1: 小市民シリーズ 2期
2025-06-23 12:53:03,433 - AnimePilgrimageUpdater - INFO - Test anime 2: ウマ娘 プリティーダービー Season 2
2025-06-23 12:53:03,433 - AnimePilgrimageUpdater - INFO - Test anime 3: ウマ娘 シンデレラグレイ
2025-06-23 12:53:03,433 - AnimePilgrimageUpdater - INFO - Test anime 4: りゅうおうのおしごと!
2025-06-23 12:53:03,433 - AnimePilgrimageUpdater - INFO - Test anime 5: mono
2025-06-23 13:05:07,764 - AnimePilgrimageUpdater - INFO - Daily update completed successfully
2025-07-01 12:50:40,701 - AnimePilgrimageUpdater - INFO - Starting daily anime pilgrimage updater
2025-07-01 12:50:40,701 - AnimePilgrimageUpdater - INFO - Running extract_apiid.py to refresh apiid.json
2025-07-01 12:50:40,907 - AnimePilgrimageUpdater - INFO - Successfully refreshed apiid.json
2025-07-01 12:50:42,828 - AnimePilgrimageUpdater - INFO - Testing anime list retrieval before running full scraper
2025-07-01 12:53:16,272 - AnimePilgrimageUpdater - INFO - Successfully retrieved 72 anime in test run
2025-07-01 12:53:16,272 - AnimePilgrimageUpdater - INFO - Test anime 1: ウィッチウォッチ
2025-07-01 12:53:16,272 - AnimePilgrimageUpdater - INFO - Test anime 2: 中二病でも恋がしたい!
2025-07-01 12:53:16,272 - AnimePilgrimageUpdater - INFO - Test anime 3: 真･侍伝 YAIBA
2025-07-01 12:53:16,272 - AnimePilgrimageUpdater - INFO - Test anime 4: ウマ娘 シンデレラグレイ
2025-07-01 12:53:16,272 - AnimePilgrimageUpdater - INFO - Test anime 5: mono
2025-07-01 13:10:05,741 - AnimePilgrimageUpdater - INFO - Daily update completed successfully
2025-07-08 12:51:02,110 - AnimePilgrimageUpdater - INFO - Starting daily anime pilgrimage updater
2025-07-08 12:51:02,110 - AnimePilgrimageUpdater - INFO - Running extract_apiid.py to refresh apiid.json
2025-07-08 12:51:02,322 - AnimePilgrimageUpdater - INFO - Successfully refreshed apiid.json
2025-07-08 12:51:03,448 - AnimePilgrimageUpdater - INFO - Testing anime list retrieval before running full scraper
2025-07-08 12:53:36,927 - AnimePilgrimageUpdater - INFO - Successfully retrieved 72 anime in test run
2025-07-08 12:53:36,927 - AnimePilgrimageUpdater - INFO - Test anime 1: ダンダダン 2期
2025-07-08 12:53:36,927 - AnimePilgrimageUpdater - INFO - Test anime 2: 彼女、お借りします 4期
2025-07-08 12:53:36,927 - AnimePilgrimageUpdater - INFO - Test anime 3: よふかしのうた Season 2
2025-07-08 12:53:36,927 - AnimePilgrimageUpdater - INFO - Test anime 4: ウィッチウォッチ
2025-07-08 12:53:36,927 - AnimePilgrimageUpdater - INFO - Test anime 5: 中二病でも恋がしたい!
2025-07-08 13:11:08,573 - AnimePilgrimageUpdater - INFO - Daily update completed successfully
2025-07-11 12:49:29,300 - AnimePilgrimageUpdater - INFO - Starting daily anime pilgrimage updater
2025-07-11 12:49:29,300 - AnimePilgrimageUpdater - INFO - Running extract_apiid.py to refresh apiid.json
2025-07-11 12:49:29,507 - AnimePilgrimageUpdater - INFO - Successfully refreshed apiid.json
2025-07-11 12:49:31,077 - AnimePilgrimageUpdater - INFO - Testing anime list retrieval before running full scraper
2025-07-11 12:52:04,484 - AnimePilgrimageUpdater - INFO - Successfully retrieved 72 anime in test run
2025-07-11 12:52:04,484 - AnimePilgrimageUpdater - INFO - Test anime 1: 光が死んだ夏
2025-07-11 12:52:04,485 - AnimePilgrimageUpdater - INFO - Test anime 2: 青春ブタ野郎はサンタクロースの夢を見ない
2025-07-11 12:52:04,485 - AnimePilgrimageUpdater - INFO - Test anime 3: その着せ替え人形は恋をする Season 2
2025-07-11 12:52:04,485 - AnimePilgrimageUpdater - INFO - Test anime 4: ダンダダン 2期
2025-07-11 12:52:04,485 - AnimePilgrimageUpdater - INFO - Test anime 5: 彼女、お借りします 4期
2025-07-11 13:08:57,331 - AnimePilgrimageUpdater - INFO - Daily update completed successfully
2025-07-16 12:52:27,020 - AnimePilgrimageUpdater - INFO - Starting daily anime pilgrimage updater
2025-07-16 12:52:27,020 - AnimePilgrimageUpdater - INFO - Running extract_apiid.py to refresh apiid.json
2025-07-16 12:52:27,237 - AnimePilgrimageUpdater - INFO - Successfully refreshed apiid.json
2025-07-16 12:52:28,223 - AnimePilgrimageUpdater - INFO - Testing anime list retrieval before running full scraper
2025-07-16 12:55:04,890 - AnimePilgrimageUpdater - INFO - Successfully retrieved 72 anime in test run
2025-07-16 12:55:04,890 - AnimePilgrimageUpdater - INFO - Test anime 1: Turkey!
2025-07-16 12:55:04,890 - AnimePilgrimageUpdater - INFO - Test anime 2: 彼女、お借りします 4期
2025-07-16 12:55:04,890 - AnimePilgrimageUpdater - INFO - Test anime 3: ぐらんぶる Season 2
2025-07-16 12:55:04,890 - AnimePilgrimageUpdater - INFO - Test anime 4: 薫る花は凛と咲く
2025-07-16 12:55:04,890 - AnimePilgrimageUpdater - INFO - Test anime 5: Summer Pockets
2025-07-16 13:12:47,909 - AnimePilgrimageUpdater - INFO - Daily update completed successfully
2025-08-02 12:48:58,540 - AnimePilgrimageUpdater - INFO - Starting daily anime pilgrimage updater
2025-08-02 12:48:58,540 - AnimePilgrimageUpdater - INFO - Running extract_apiid.py to refresh apiid.json
2025-08-02 12:48:58,745 - AnimePilgrimageUpdater - INFO - Successfully refreshed apiid.json
2025-08-02 12:48:59,878 - AnimePilgrimageUpdater - INFO - Testing anime list retrieval before running full scraper
2025-08-02 12:51:31,380 - AnimePilgrimageUpdater - INFO - Successfully retrieved 72 anime in test run
2025-08-02 12:51:31,381 - AnimePilgrimageUpdater - INFO - Test anime 1: 光が死んだ夏
2025-08-02 12:51:31,381 - AnimePilgrimageUpdater - INFO - Test anime 2: 怪獣8号 第2期
2025-08-02 12:51:31,381 - AnimePilgrimageUpdater - INFO - Test anime 3: ダンダダン 2期
2025-08-02 12:51:31,381 - AnimePilgrimageUpdater - INFO - Test anime 4: 青春ブタ野郎はサンタクロースの夢を見ない
2025-08-02 12:51:31,381 - AnimePilgrimageUpdater - INFO - Test anime 5: 薫る花は凛と咲く
2025-08-02 13:08:54,727 - AnimePilgrimageUpdater - INFO - Daily update completed successfully
2025-12-22 12:52:17,186 - AnimePilgrimageUpdater - INFO - Starting daily anime pilgrimage updater
2025-12-22 12:52:17,186 - AnimePilgrimageUpdater - INFO - Running extract_apiid.py to refresh apiid.json
2025-12-22 12:52:17,357 - AnimePilgrimageUpdater - INFO - Successfully refreshed apiid.json
2025-12-22 12:52:19,682 - AnimePilgrimageUpdater - INFO - Testing anime list retrieval before running full scraper
2025-12-22 12:54:55,695 - AnimePilgrimageUpdater - INFO - Successfully retrieved 90 anime in test run
2025-12-22 12:54:55,696 - AnimePilgrimageUpdater - INFO - Test anime 1: ちゃんと吸えない吸血鬼ちゃん
2025-12-22 12:54:55,696 - AnimePilgrimageUpdater - INFO - Test anime 2: 藤本タツキ 17-26
2025-12-22 12:54:55,696 - AnimePilgrimageUpdater - INFO - Test anime 3: 涼宮ハルヒの消失
2025-12-22 12:54:55,696 - AnimePilgrimageUpdater - INFO - Test anime 4: 千歳くんはラムネ瓶のなか
2025-12-22 12:54:55,696 - AnimePilgrimageUpdater - INFO - Test anime 5: ウマ娘 シンデレラグレイ 第2クール
2025-12-22 13:15:47,752 - AnimePilgrimageUpdater - INFO - Daily update completed successfully
2026-01-05 12:56:20,819 - AnimePilgrimageUpdater - INFO - Starting daily anime pilgrimage updater
2026-01-05 12:56:20,819 - AnimePilgrimageUpdater - INFO - Running extract_apiid.py to refresh apiid.json
2026-01-05 12:56:21,034 - AnimePilgrimageUpdater - INFO - Successfully refreshed apiid.json
2026-01-05 12:56:23,494 - AnimePilgrimageUpdater - INFO - Testing anime list retrieval before running full scraper
2026-01-05 12:58:59,182 - AnimePilgrimageUpdater - INFO - Successfully retrieved 90 anime in test run
2026-01-05 12:58:59,182 - AnimePilgrimageUpdater - INFO - Test anime 1: 違国日記
2026-01-05 12:58:59,182 - AnimePilgrimageUpdater - INFO - Test anime 2: であいもん
2026-01-05 12:58:59,183 - AnimePilgrimageUpdater - INFO - Test anime 3: 終末ツーリング
2026-01-05 12:58:59,183 - AnimePilgrimageUpdater - INFO - Test anime 4: 千歳くんはラムネ瓶のなか
2026-01-05 12:58:59,183 - AnimePilgrimageUpdater - INFO - Test anime 5: ワンパンマン 3期
2026-01-05 13:14:47,800 - AnimePilgrimageUpdater - INFO - Daily update completed successfully
2026-01-08 13:07:12,063 - AnimePilgrimageUpdater - INFO - Starting daily anime pilgrimage updater
2026-01-08 13:07:12,063 - AnimePilgrimageUpdater - INFO - Running extract_apiid.py to refresh apiid.json
2026-01-08 13:07:12,275 - AnimePilgrimageUpdater - INFO - Successfully refreshed apiid.json
2026-01-08 13:07:15,033 - AnimePilgrimageUpdater - INFO - Testing anime list retrieval before running full scraper
2026-01-08 13:09:47,364 - AnimePilgrimageUpdater - INFO - Successfully retrieved 90 anime in test run
2026-01-08 13:09:47,364 - AnimePilgrimageUpdater - INFO - Test anime 1: かぐや様は告らせたい 大人への階段
2026-01-08 13:09:47,364 - AnimePilgrimageUpdater - INFO - Test anime 2: 弱キャラ友崎くん
2026-01-08 13:09:47,364 - AnimePilgrimageUpdater - INFO - Test anime 3: 綺麗にしてもらえますか。
2026-01-08 13:09:47,364 - AnimePilgrimageUpdater - INFO - Test anime 4: 違国日記
2026-01-08 13:09:47,365 - AnimePilgrimageUpdater - INFO - Test anime 5: であいもん
2026-01-08 13:24:54,119 - AnimePilgrimageUpdater - INFO - Daily update completed successfully
2026-01-09 12:54:14,920 - AnimePilgrimageUpdater - INFO - Starting daily anime pilgrimage updater
2026-01-09 12:54:14,920 - AnimePilgrimageUpdater - INFO - Running extract_apiid.py to refresh apiid.json
2026-01-09 12:54:15,134 - AnimePilgrimageUpdater - INFO - Successfully refreshed apiid.json
2026-01-09 12:54:16,163 - AnimePilgrimageUpdater - INFO - Testing anime list retrieval before running full scraper
2026-01-09 12:56:49,412 - AnimePilgrimageUpdater - INFO - Successfully retrieved 90 anime in test run
2026-01-09 12:56:49,412 - AnimePilgrimageUpdater - INFO - Test anime 1: 呪術廻戦 死滅回遊
2026-01-09 12:56:49,412 - AnimePilgrimageUpdater - INFO - Test anime 2: 千歳くんはラムネ瓶のなか
2026-01-09 12:56:49,412 - AnimePilgrimageUpdater - INFO - Test anime 3: かぐや様は告らせたい 大人への階段
2026-01-09 12:56:49,412 - AnimePilgrimageUpdater - INFO - Test anime 4: 弱キャラ友崎くん
2026-01-09 12:56:49,412 - AnimePilgrimageUpdater - INFO - Test anime 5: 綺麗にしてもらえますか。
2026-01-09 13:12:01,797 - AnimePilgrimageUpdater - INFO - Daily update completed successfully
2026-07-01 14:44:14,758 - AnimePilgrimageUpdater - INFO - Starting daily anime pilgrimage updater
2026-07-01 14:44:14,758 - AnimePilgrimageUpdater - INFO - Running extract_apiid.py to refresh apiid.json
2026-07-01 14:44:14,970 - AnimePilgrimageUpdater - INFO - Successfully refreshed apiid.json
2026-07-01 14:44:15,739 - AnimePilgrimageUpdater - INFO - Testing anime list retrieval before running full scraper
2026-07-01 14:46:16,515 - AnimePilgrimageUpdater - INFO - Successfully retrieved 16 anime in test run
2026-07-01 14:46:16,515 - AnimePilgrimageUpdater - INFO - Test anime 1: クラスで２番目に可愛い女の子と友だちになった
2026-07-01 14:46:16,515 - AnimePilgrimageUpdater - INFO - Test anime 2: 上伊那ぼたん、酔へる姿は百合の花
2026-07-01 14:46:16,515 - AnimePilgrimageUpdater - INFO - Test anime 3: お隣の天使様にいつの間にか駄目人間にされていた件 第2期
2026-07-01 14:46:16,515 - AnimePilgrimageUpdater - INFO - Test anime 4: 日本三國
2026-07-01 14:46:16,515 - AnimePilgrimageUpdater - INFO - Test anime 5: 空色ユーティリティ
2026-07-01 14:58:54,830 - AnimePilgrimageUpdater - INFO - Daily update completed successfully
